// Jest Snapshot v1, https://goo.gl/fbAQLP

exports[`Sign in render initial render test 1`] = `
<View
  style={
    Object {
      "backgroundColor": "#ffffff",
      "height": 1334,
      "width": 750,
    }
  }
>
  <View
    style={
      Object {
        "marginBottom": 30,
        "marginLeft": 20,
        "marginTop": 40,
      }
    }
  >
    <View
      style={
        Object {
          "paddingBottom": 20,
        }
      }
    >
      <Text
        style={
          Array [
            Object {
              "color": "#e40678",
              "fontFamily": "Inter-SemiBold",
              "fontSize": 22,
              "marginBottom": 10,
              "marginTop": 15,
            },
          ]
        }
      >
        Sign In
      </Text>
      <View>
        <Text
          style={
            Array [
              Object {
                "color": "#415f8b",
                "fontSize": 14,
                "marginBottom": 10,
              },
            ]
          }
        >
          One Stop for Everything Marketing
        </Text>
      </View>
    </View>
  </View>
  <View
    style={
      Object {
        "alignItems": "center",
        "height": 167,
        "justifyContent": "center",
        "marginHorizontal": 50,
      }
    }
  >
    <View
      style={
        Object {
          "alignItems": "center",
          "alignSelf": "center",
          "height": 96,
          "justifyContent": "center",
          "width": 650,
        }
      }
    >
      <Text
        style={
          Object {
            "alignSelf": "flex-start",
            "color": "#839fc0",
            "fontFamily": "Inter-Regular",
            "fontSize": 12,
            "marginBottom": 8,
          }
        }
      >
        Email
      </Text>
      <TextInput
        allowFontScaling={true}
        autoCorrect={false}
        onBlur={[Function]}
        onChangeText={[Function]}
        onFocus={[Function]}
        placeholder="Enter Email Address"
        placeholderTextColor="#839fc0"
        rejectResponderTermination={true}
        style={
          Object {
            "borderColor": "#c4d7e7",
            "borderRadius": 0,
            "borderWidth": 1,
            "color": "#153059",
            "fontFamily": "Inter-Regular",
            "fontSize": 14,
            "height": 96,
            "paddingLeft": 16,
            "width": 650,
          }
        }
        underlineColorAndroid="transparent"
      />
      <View
        style={
          Object {
            "alignSelf": "flex-start",
            "flexDirection": "row",
            "height": 18,
            "marginTop": 12,
            "width": 210,
          }
        }
      />
    </View>
  </View>
  <View
    style={
      Array [
        Object {
          "alignItems": "center",
          "height": 167,
          "justifyContent": "center",
          "marginHorizontal": 50,
        },
        Object {
          "marginTop": 21,
        },
      ]
    }
  >
    <View
      style={
        Object {
          "alignItems": "center",
          "alignSelf": "center",
          "height": 96,
          "justifyContent": "center",
          "width": 650,
        }
      }
    >
      <Text
        style={
          Object {
            "alignSelf": "flex-start",
            "color": "#839fc0",
            "fontFamily": "Inter-Regular",
            "fontSize": 12,
            "marginBottom": 8,
          }
        }
      >
        Password
      </Text>
      <TextInput
        allowFontScaling={true}
        autoCorrect={false}
        onBlur={[Function]}
        onChangeText={[Function]}
        onFocus={[Function]}
        placeholder="Password"
        placeholderTextColor="#839fc0"
        rejectResponderTermination={true}
        secureTextEntry={true}
        style={
          Object {
            "borderColor": "#c4d7e7",
            "borderRadius": 0,
            "borderWidth": 1,
            "color": "#153059",
            "fontFamily": "Inter-Regular",
            "fontSize": 14,
            "height": 96,
            "paddingLeft": 16,
            "width": 650,
          }
        }
        underlineColorAndroid="transparent"
      />
      <View
        style={
          Object {
            "alignSelf": "flex-start",
            "flexDirection": "row",
            "height": 18,
            "marginTop": 12,
            "width": 210,
          }
        }
      />
    </View>
    <View
      style={
        Object {
          "position": "absolute",
          "right": 33.5,
        }
      }
    >
      <View
        accessible={true}
        focusable={true}
        onClick={[Function]}
        onResponderGrant={[Function]}
        onResponderMove={[Function]}
        onResponderRelease={[Function]}
        onResponderTerminate={[Function]}
        onResponderTerminationRequest={[Function]}
        onStartShouldSetResponder={[Function]}
        style={
          Object {
            "opacity": 1,
          }
        }
      >
        <Image
          resizeMode="contain"
          source={
            Object {
              "process": [Function],
            }
          }
          style={
            Object {
              "height": 33.5,
              "width": 33.5,
            }
          }
        />
      </View>
    </View>
  </View>
  <View
    style={
      Object {
        "alignItems": "center",
        "flexDirection": "row",
        "height": 37.5,
        "justifyContent": "space-between",
        "marginHorizontal": 50,
        "marginTop": 16.5,
      }
    }
  >
    <View
      style={
        Object {
          "alignItems": "center",
          "flexDirection": "row",
        }
      }
    >
      <View>
        <View
          style={
            Object {
              "alignItems": "center",
              "borderColor": "#C4D7E7",
              "borderWidth": 1,
              "height": 16,
              "justifyContent": "center",
              "marginRight": 0,
              "width": 16,
            }
          }
        >
          <View
            accessible={true}
            focusable={true}
            onClick={[Function]}
            onResponderGrant={[Function]}
            onResponderMove={[Function]}
            onResponderRelease={[Function]}
            onResponderTerminate={[Function]}
            onResponderTerminationRequest={[Function]}
            onStartShouldSetResponder={[Function]}
            style={
              Object {
                "height": 16,
                "opacity": 1,
                "width": 16,
              }
            }
            testID="checkboxfalse"
          />
        </View>
      </View>
      <View
        style={
          Object {
            "marginLeft": 16.5,
          }
        }
      >
        <Text
          style={
            Object {
              "color": "#415F8B",
              "fontFamily": "Inter-Regular",
              "fontSize": 24,
              "textAlignVertical": "center",
            }
          }
        >
          Remember me
        </Text>
      </View>
    </View>
    <View
      accessible={true}
      focusable={true}
      onClick={[Function]}
      onResponderGrant={[Function]}
      onResponderMove={[Function]}
      onResponderRelease={[Function]}
      onResponderTerminate={[Function]}
      onResponderTerminationRequest={[Function]}
      onStartShouldSetResponder={[Function]}
      style={
        Object {
          "alignItems": "center",
          "justifyContent": "center",
          "opacity": 1,
        }
      }
    >
      <Text
        style={
          Object {
            "color": "#2886dc",
            "fontFamily": "Inter-SemiBold",
            "fontSize": 24,
            "textAlignVertical": "center",
          }
        }
      >
        Forgot password?
      </Text>
    </View>
  </View>
  <View
    style={
      Object {
        "justifyContent": "center",
        "marginTop": 62.5,
        "paddingHorizontal": 50,
      }
    }
  >
    <View
      accessible={true}
      focusable={true}
      onClick={[Function]}
      onResponderGrant={[Function]}
      onResponderMove={[Function]}
      onResponderRelease={[Function]}
      onResponderTerminate={[Function]}
      onResponderTerminationRequest={[Function]}
      onStartShouldSetResponder={[Function]}
      style={
        Object {
          "alignItems": "center",
          "backgroundColor": "#c4d7e7",
          "borderRadius": 100,
          "height": 100,
          "justifyContent": "center",
          "opacity": 1,
          "width": 650,
        }
      }
    >
      <Text
        style={
          Object {
            "color": "#ffffff",
            "fontFamily": "Inter-Medium",
            "fontSize": 31,
            "textAlign": "center",
          }
        }
      >
        Sign in
      </Text>
    </View>
  </View>
  <View
    style={
      Object {
        "alignSelf": "center",
        "backgroundColor": "#e8eff5",
        "height": 1,
        "marginVertical": 25,
        "width": 650,
      }
    }
  />
  <View
    style={
      Object {
        "alignItems": "center",
        "flexDirection": "row",
        "height": 125,
        "justifyContent": "space-evenly",
      }
    }
  >
    <View
      accessible={true}
      focusable={true}
      onClick={[Function]}
      onResponderGrant={[Function]}
      onResponderMove={[Function]}
      onResponderRelease={[Function]}
      onResponderTerminate={[Function]}
      onResponderTerminationRequest={[Function]}
      onStartShouldSetResponder={[Function]}
      style={
        Object {
          "alignItems": "center",
          "alignSelf": "center",
          "borderColor": "#c4d7e7",
          "borderRadius": 8,
          "borderWidth": 1,
          "flexDirection": "row",
          "height": 88.93333333333334,
          "justifyContent": "center",
          "opacity": 1,
          "width": 312.5,
        }
      }
    >
      <Text
        style={
          Object {
            "color": "#415F8B",
            "fontFamily": "Inter-Medium",
            "fontSize": 27,
          }
        }
      >
        Sign In using
      </Text>
      <Image
        resizeMode="contain"
        source={
          Object {
            "process": [Function],
          }
        }
        style={
          Object {
            "height": 35.5,
            "marginLeft": 16.5,
            "width": 33.5,
          }
        }
      />
    </View>
    <View
      accessible={true}
      focusable={false}
      onClick={[Function]}
      onResponderGrant={[Function]}
      onResponderMove={[Function]}
      onResponderRelease={[Function]}
      onResponderTerminate={[Function]}
      onResponderTerminationRequest={[Function]}
      onStartShouldSetResponder={[Function]}
      style={
        Object {
          "alignItems": "center",
          "alignSelf": "center",
          "borderColor": "#c4d7e7",
          "borderRadius": 8,
          "borderWidth": 1,
          "flexDirection": "row",
          "height": 88.93333333333334,
          "justifyContent": "center",
          "opacity": 1,
          "width": 312.5,
        }
      }
    >
      <Text
        style={
          Object {
            "color": "#415F8B",
            "fontFamily": "Inter-Medium",
            "fontSize": 27,
          }
        }
      >
        Sign In using
      </Text>
      <Image
        resizeMode="contain"
        source={
          Object {
            "process": [Function],
          }
        }
        style={
          Object {
            "height": 41.5,
            "marginLeft": 16.5,
            "width": 41.5,
          }
        }
      />
    </View>
  </View>
  <View
    style={
      Object {
        "alignItems": "center",
        "alignSelf": "center",
        "flexDirection": "row",
        "height": 56.5,
        "justifyContent": "center",
        "marginTop": 37.5,
        "width": 458.5,
      }
    }
  >
    <Text
      style={
        Object {
          "color": "#33556a",
          "fontFamily": "Inter-Regular",
          "fontSize": 27,
        }
      }
    >
      Don’t have an account? 
    </Text>
    <View
      accessible={true}
      focusable={true}
      onClick={[Function]}
      onResponderGrant={[Function]}
      onResponderMove={[Function]}
      onResponderRelease={[Function]}
      onResponderTerminate={[Function]}
      onResponderTerminationRequest={[Function]}
      onStartShouldSetResponder={[Function]}
      style={
        Object {
          "opacity": 1,
        }
      }
    >
      <Text
        style={
          Object {
            "color": "#2886dc",
            "fontFamily": "Inter-SemiBold",
            "fontSize": 27,
          }
        }
      >
        Sign Up
      </Text>
    </View>
  </View>
</View>
`;
