// Jest Snapshot v1, https://goo.gl/fbAQLP

exports[`radio btns test  circle radio btn test 1`] = `
<View
  accessible={true}
  focusable={false}
  onClick={[Function]}
  onResponderGrant={[Function]}
  onResponderMove={[Function]}
  onResponderRelease={[Function]}
  onResponderTerminate={[Function]}
  onResponderTerminationRequest={[Function]}
  onStartShouldSetResponder={[Function]}
  style={
    Object {
      "alignItems": "center",
      "borderColor": "#c4d7e7",
      "borderRadius": 8,
      "borderWidth": 1,
      "height": 16,
      "justifyContent": "center",
      "opacity": 1,
      "width": 16,
    }
  }
  testID="cicleradio"
>
  <Image
    source={
      Object {
        "process": [Function],
      }
    }
    style={
      Object {
        "borderRadius": 8,
        "height": 16,
        "width": 16,
      }
    }
  />
</View>
`;
